2026-02-22 13:45:46,470 - INFO - 
🧠 Starting Jules Batch Planning (Max Concurrent: 5)...
2026-02-22 13:45:58,773 - INFO - 🚀 JulesClient: Dispatching Session 'Plan Gen: 9 - الميزان الصرفي'...
2026-02-22 13:46:01,765 - INFO - ✅ JulesClient: Session Created: sessions/5092405352003340469
2026-02-22 13:46:01,769 - INFO - ⏳ JulesClient: Monitoring session sessions/5092405352003340469 (Timeout: 20m)...
2026-02-22 13:46:03,392 - INFO -    Status: QUEUED
2026-02-22 13:46:36,586 - INFO -    Status: IN_PROGRESS
2026-02-22 13:47:08,245 - INFO -    Status: IN_PROGRESS
2026-02-22 13:47:39,916 - INFO -    Status: IN_PROGRESS
2026-02-22 13:48:11,376 - INFO -    Status: IN_PROGRESS
2026-02-22 13:48:43,075 - INFO -    Status: IN_PROGRESS
2026-02-22 13:49:14,682 - INFO -    Status: IN_PROGRESS
2026-02-22 13:49:46,340 - INFO -    Status: IN_PROGRESS
2026-02-22 13:50:18,205 - INFO -    Status: IN_PROGRESS
2026-02-22 13:50:50,005 - INFO -    Status: IN_PROGRESS
2026-02-22 13:51:21,438 - INFO -    Status: IN_PROGRESS
2026-02-22 13:51:52,948 - INFO -    Status: IN_PROGRESS
2026-02-22 13:52:24,882 - INFO -    Status: IN_PROGRESS
2026-02-22 13:52:56,195 - INFO -    Status: COMPLETED
2026-02-22 13:52:56,196 - INFO - ✅ JulesClient: Session finished with state: COMPLETED
2026-02-22 13:53:08,450 - INFO - 
🏭 Starting Jules Page Generation (Batch Size: 5)...
